0001523 I Target type is stm32f407zgtx [board]
0001662 I DP IDR = 0x2ba01477 (v1 rev2) [dap]
0001664 I debugvar 'DbgMCU_APB1_Fz' = 0x6e019ff (115350015) [pack_target]
0001665 I debugvar 'DbgMCU_APB2_Fz' = 0x70003 (458755) [pack_target]
0001666 I debugvar 'DbgMCU_CR' = 0x7 (7) [pack_target]
0001667 I debugvar 'TraceClk_Pin' = 0x40002 (262146) [pack_target]
0001668 I debugvar 'TraceD0_Pin' = 0x40003 (262147) [pack_target]
0001669 I debugvar 'TraceD1_Pin' = 0x40004 (262148) [pack_target]
0001670 I debugvar 'TraceD2_Pin' = 0x40005 (262149) [pack_target]
0001671 I debugvar 'TraceD3_Pin' = 0x40006 (262150) [pack_target]
0001701 I AHB-AP#0 IDR = 0x24770011 (AHB-AP var1 rev2) [discovery]
0001709 I AHB-AP#0 Class 0x1 ROM table #0 @ 0xe00ff000 (designer=020:ST part=411) [rom_table]
0001714 I [0]<e000e000:SCS v7-M class=14 designer=43b:Arm part=00c> [rom_table]
0001717 I [1]<e0001000:DWT v7-M class=14 designer=43b:Arm part=002> [rom_table]
0001720 I [2]<e0002000:FPB v7-M class=14 designer=43b:Arm part=003> [rom_table]
0001723 I [3]<e0000000:ITM v7-M class=14 designer=43b:Arm part=001> [rom_table]
0001727 I [4]<e0040000:TPIU M4 class=9 designer=43b:Arm part=9a1 devtype=11 archid=0000 devid=ca1:0:0> [rom_table]
0001732 I [5]<e0041000:ETM M4 class=9 designer=43b:Arm part=925 devtype=13 archid=0000 devid=0:0:0> [rom_table]
0001742 I CPU core #0: Cortex-M4 r0p1, v7.0-M architecture [cortex_m]
0001742 I   Extensions: [DSP, FPU, FPU_V4, MPU] [cortex_m]
0001743 I   FPU present: FPv4-SP-D16-M [cortex_m]
0001747 I 4 hardware watchpoints [dwt]
0001751 I 6 hardware breakpoints, 4 literal comparators [fpb]
0001765 I STDIO server started on port 50001 (core 0) [server]
0001817 I GDB server listening on port 50000 (core 0) [gdbserver]
0005067 I Client 1 connected on port 50000 from remote address localhost:65514 [gdbserver]
